========= ======== ===== ====== ========= ============ =========== ===================== =========== ============= =========== ===========
asset_ref taxonomy state cresta occupancy lon          lat         business_interruption contents    nonstructural occupants   structural 
========= ======== ===== ====== ========= ============ =========== ===================== =========== ============= =========== ===========
a1        "tax1"   "01"  "0.11" "Res"     -1.22000E+02 3.81130E+01 7.65945E+02           4.58271E+03 6.63537E+03   1.53189E-02 2.17316E+03
a2        "tax2"   "01"  "0.12" "Res"     -1.22114E+02 3.81130E+01 4.67205E+02           6.79713E+03 8.87447E+03   9.34409E-03 4.87437E+02
a3        "tax1"   "02"  "0.21" "Com"     -1.22570E+02 3.81130E+01 2.00810E+02           1.14742E+03 1.72113E+03   4.01619E-03 4.18253E+02
a4        "tax3"   "02"  "0.22" "Res"     -1.22000E+02 3.80000E+01 4.19590E+02           1.51323E+03 4.97863E+03   8.39180E-03 1.57390E+02
a5        "tax1"   "02"  "0.23" "Res"     -1.22000E+02 3.79100E+01 3.18721E+02           1.72618E+03 2.58926E+03   6.37442E-03 2.57793E+02
a6        "tax2"   "03"  "0.31" "Res"     -1.22000E+02 3.82250E+01 5.59474E+02           8.80365E+03 1.44624E+04   1.11895E-02 8.24705E+02
a7        "tax1"   "03"  "0.32" "Res"     -1.21886E+02 3.81130E+01 5.45571E+02           3.14870E+03 4.67557E+03   1.09114E-02 7.40429E+02
========= ======== ===== ====== ========= ============ =========== ===================== =========== ============= =========== ===========