asset_ref,taxonomy,state,cresta,occupancy,lon,lat,business_interruption,contents,nonstructural,occupants,structural,business_interruption_ins,contents_ins,nonstructural_ins,occupants_ins,structural_ins
a3,"tax1","02","0.21","Com",-122.57000,38.11300,2.00810E+02,1.14742E+03,1.72113E+03,4.01619E-03,4.18253E+02,4.06875E+00,4.06875E+00,4.06875E+00,0.00000E+00,2.01250E+00
a2,"tax2","01","0.12","Res",-122.11400,38.11300,4.67205E+02,6.79713E+03,8.87447E+03,9.34409E-03,4.87437E+02,1.05000E+01,1.05000E+01,1.05000E+01,0.00000E+00,3.32500E+00
a5,"tax1","02","0.23","Res",-122.00000,37.91000,3.18721E+02,1.72618E+03,2.58926E+03,6.37442E-03,2.57793E+02,8.44375E+00,8.44375E+00,8.44375E+00,0.00000E+00,1.75000E+00
a4,"tax3","02","0.22","Res",-122.00000,38.00000,4.19590E+02,1.51323E+03,4.97863E+03,8.39180E-03,1.57390E+02,1.02375E+01,8.57500E+00,9.23125E+00,0.00000E+00,5.25000E-01
a1,"tax1","01","0.11","Res",-122.00000,38.11300,7.65945E+02,4.58271E+03,6.63537E+03,1.53189E-02,2.17316E+03,1.02375E+01,1.02375E+01,1.02375E+01,0.00000E+00,3.98125E+00
a6,"tax2","03","0.31","Res",-122.00000,38.22500,5.59474E+02,8.80365E+03,1.44624E+04,1.11895E-02,8.24705E+02,9.49375E+00,1.04125E+01,1.04125E+01,0.00000E+00,3.67500E+00
a7,"tax1","03","0.32","Res",-121.88600,38.11300,5.45571E+02,3.14870E+03,4.67557E+03,1.09114E-02,7.40429E+02,1.05000E+01,1.05000E+01,1.05000E+01,0.00000E+00,2.84375E+00
