asset_ref,taxonomy,state,cresta,occupancy,lon,lat,business_interruption,contents,nonstructural,occupants,structural,business_interruption_ins,contents_ins,nonstructural_ins,occupants_ins,structural_ins
a3,"tax1","02","0.21","Com",-122.57000,38.11300,2.33946E+02,1.37700E+03,2.06550E+03,4.67891E-03,6.94322E+02,3.50000E+00,3.50000E+00,3.50000E+00,0.00000E+00,3.50000E+00
a2,"tax2","01","0.12","Res",-122.11400,38.11300,1.20441E+03,9.39256E+03,1.40888E+04,2.40883E-02,5.97193E+02,2.83889E+01,2.83889E+01,2.83889E+01,0.00000E+00,3.50000E+00
a5,"tax1","02","0.23","Res",-122.00000,37.91000,5.27294E+02,2.69510E+03,4.04265E+03,1.05459E-02,3.60910E+02,1.75000E+01,1.75000E+01,1.75000E+01,0.00000E+00,2.45000E+00
a4,"tax3","02","0.22","Res",-122.00000,38.00000,1.05303E+03,2.97989E+03,9.90149E+03,2.10606E-02,0.00000E+00,2.87778E+01,1.90556E+01,2.25556E+01,0.00000E+00,0.00000E+00
a1,"tax1","01","0.11","Res",-122.00000,38.11300,1.31663E+03,7.57262E+03,1.09446E+04,2.63325E-02,2.38418E+03,2.87778E+01,2.87778E+01,2.87778E+01,0.00000E+00,4.27778E+00
a6,"tax2","03","0.31","Res",-122.00000,38.22500,1.10076E+03,1.31691E+04,1.79122E+04,2.20152E-02,1.00414E+03,2.52778E+01,3.03333E+01,3.03333E+01,0.00000E+00,3.50000E+00
a7,"tax1","03","0.32","Res",-121.88600,38.11300,1.31121E+03,7.22910E+03,1.08436E+04,2.62241E-02,9.41788E+02,2.83889E+01,2.83889E+01,2.83889E+01,0.00000E+00,3.50000E+00
