asset_ref,taxonomy,state,cresta,occupancy,lon,lat,business_interruption~poe-0.02,business_interruption~poe-0.1,contents~poe-0.02,contents~poe-0.1,nonstructural~poe-0.02,nonstructural~poe-0.1,occupants~poe-0.02,occupants~poe-0.1,structural~poe-0.02,structural~poe-0.1,business_interruption_ins~poe-0.02,business_interruption_ins~poe-0.1,contents_ins~poe-0.02,contents_ins~poe-0.1,nonstructural_ins~poe-0.02,nonstructural_ins~poe-0.1,occupants_ins~poe-0.02,occupants_ins~poe-0.1,structural_ins~poe-0.02,structural_ins~poe-0.1
a3,"tax1","02","0.21","Com",-122.57000,38.11300,2.04307E+01,1.92829E+01,1.02434E+02,9.66793E+01,1.53651E+02,1.45019E+02,4.08614E-04,3.85659E-04,0.00000E+00,0.00000E+00,7.00000E-01,6.60674E-01,7.00000E-01,6.60675E-01,7.00000E-01,6.60675E-01,0.00000E+00,0.00000E+00,0.00000E+00,0.00000E+00
a2,"tax2","01","0.12","Res",-122.11400,38.11300,3.23176E+01,3.22876E+01,2.55281E+02,2.54658E+02,3.82922E+02,3.81987E+02,6.46352E-04,6.45751E-04,0.00000E+00,0.00000E+00,7.00000E-01,7.00000E-01,7.00000E-01,7.00000E-01,7.00000E-01,7.00000E-01,0.00000E+00,0.00000E+00,0.00000E+00,0.00000E+00
a5,"tax1","02","0.23","Res",-122.00000,37.91000,2.20008E+01,2.19131E+01,1.13091E+02,1.12549E+02,1.69636E+02,1.68824E+02,4.40016E-04,4.38262E-04,0.00000E+00,0.00000E+00,7.00000E-01,7.00000E-01,7.00000E-01,7.00000E-01,7.00000E-01,7.00000E-01,0.00000E+00,0.00000E+00,0.00000E+00,0.00000E+00
a4,"tax3","02","0.22","Res",-122.00000,38.00000,2.53288E+01,2.53060E+01,1.19369E+02,1.19123E+02,3.62069E+02,3.60546E+02,5.06575E-04,5.06120E-04,0.00000E+00,0.00000E+00,7.00000E-01,7.00000E-01,7.00000E-01,7.00000E-01,7.00000E-01,7.00000E-01,0.00000E+00,0.00000E+00,0.00000E+00,0.00000E+00
a1,"tax1","01","0.11","Res",-122.00000,38.11300,3.59952E+01,3.57438E+01,2.06865E+02,2.05113E+02,3.10298E+02,3.07669E+02,7.19904E-04,7.14876E-04,0.00000E+00,0.00000E+00,7.00000E-01,7.00000E-01,7.00000E-01,7.00000E-01,7.00000E-01,7.00000E-01,0.00000E+00,0.00000E+00,0.00000E+00,0.00000E+00
a6,"tax2","03","0.31","Res",-122.00000,38.22500,2.94107E+01,2.93442E+01,3.31202E+02,3.29548E+02,4.96803E+02,4.94322E+02,5.88214E-04,5.86885E-04,0.00000E+00,0.00000E+00,7.00000E-01,7.00000E-01,7.00000E-01,7.00000E-01,7.00000E-01,7.00000E-01,0.00000E+00,0.00000E+00,0.00000E+00,0.00000E+00
a7,"tax1","03","0.32","Res",-121.88600,38.11300,2.92070E+01,2.90301E+01,1.60923E+02,1.59698E+02,2.41384E+02,2.39547E+02,5.84140E-04,5.80601E-04,0.00000E+00,0.00000E+00,7.00000E-01,7.00000E-01,7.00000E-01,7.00000E-01,7.00000E-01,7.00000E-01,0.00000E+00,0.00000E+00,0.00000E+00,0.00000E+00
