occupancy,business_interruption,contents,nonstructural,occupants,structural,business_interruption_ins,contents_ins,nonstructural_ins,occupants_ins,structural_ins
Res,3.07651E+03,2.65716E+04,4.22157E+04,6.15301E-02,4.64091E+03,5.94125E+01,5.86687E+01,5.93250E+01,0.00000E+00,1.61000E+01
Com,2.00810E+02,1.14742E+03,1.72113E+03,4.01619E-03,4.18253E+02,4.06875E+00,4.06875E+00,4.06875E+00,0.00000E+00,2.01250E+00
