asset_ref,taxonomy,state,cresta,occupancy,lon,lat,business_interruption~poe-0.02,business_interruption~poe-0.1,contents~poe-0.02,contents~poe-0.1,nonstructural~poe-0.02,nonstructural~poe-0.1,occupants~poe-0.02,occupants~poe-0.1,structural~poe-0.02,structural~poe-0.1,business_interruption_ins~poe-0.02,business_interruption_ins~poe-0.1,contents_ins~poe-0.02,contents_ins~poe-0.1,nonstructural_ins~poe-0.02,nonstructural_ins~poe-0.1,occupants_ins~poe-0.02,occupants_ins~poe-0.1,structural_ins~poe-0.02,structural_ins~poe-0.1
a3,"tax1","02","0.21","Com",-122.57000,38.11300,2.11337E+01,2.10793E+01,1.07478E+02,1.07110E+02,1.61218E+02,1.60665E+02,4.22674E-04,4.21586E-04,0.00000E+00,0.00000E+00,7.00000E-01,7.00000E-01,7.00000E-01,7.00000E-01,7.00000E-01,7.00000E-01,0.00000E+00,0.00000E+00,0.00000E+00,0.00000E+00
a2,"tax2","01","0.12","Res",-122.11400,38.11300,4.73536E+01,4.68772E+01,8.26251E+02,8.01687E+02,1.09065E+03,1.06216E+03,9.47073E-04,9.37545E-04,1.14308E+02,1.13576E+02,7.00000E-01,7.00000E-01,7.00000E-01,7.00000E-01,7.00000E-01,7.00000E-01,0.00000E+00,0.00000E+00,7.00000E-01,7.00000E-01
a5,"tax1","02","0.23","Res",-122.00000,37.91000,2.64520E+01,2.64228E+01,1.44552E+02,1.44228E+02,2.16829E+02,2.16342E+02,5.29040E-04,5.28456E-04,0.00000E+00,0.00000E+00,7.00000E-01,7.00000E-01,7.00000E-01,7.00000E-01,7.00000E-01,7.00000E-01,0.00000E+00,0.00000E+00,0.00000E+00,0.00000E+00
a4,"tax3","02","0.22","Res",-122.00000,38.00000,3.69837E+01,3.69710E+01,1.90604E+02,1.90147E+02,4.34106E+02,4.29923E+02,7.39673E-04,7.39420E-04,0.00000E+00,0.00000E+00,7.00000E-01,7.00000E-01,7.00000E-01,7.00000E-01,7.00000E-01,7.00000E-01,0.00000E+00,0.00000E+00,0.00000E+00,0.00000E+00
a1,"tax1","01","0.11","Res",-122.00000,38.11300,5.60543E+01,5.58750E+01,3.41564E+02,3.40274E+02,5.12346E+02,5.10412E+02,1.12109E-03,1.11750E-03,1.89837E+02,1.88544E+02,7.00000E-01,7.00000E-01,7.00000E-01,7.00000E-01,7.00000E-01,7.00000E-01,0.00000E+00,0.00000E+00,7.00000E-01,7.00000E-01
a6,"tax2","03","0.31","Res",-122.00000,38.22500,6.57666E+01,6.43549E+01,5.33109E+02,5.28075E+02,7.60629E+02,7.55271E+02,1.31533E-03,1.28710E-03,1.42463E+02,1.40265E+02,7.00000E-01,7.00000E-01,7.00000E-01,7.00000E-01,7.00000E-01,7.00000E-01,0.00000E+00,0.00000E+00,7.00000E-01,7.00000E-01
a7,"tax1","03","0.32","Res",-121.88600,38.11300,6.11280E+01,6.01216E+01,3.79408E+02,3.72431E+02,5.69112E+02,5.58647E+02,1.22256E-03,1.20243E-03,2.33157E+02,2.27036E+02,7.00000E-01,7.00000E-01,7.00000E-01,7.00000E-01,7.00000E-01,7.00000E-01,0.00000E+00,0.00000E+00,7.00000E-01,7.00000E-01
