======== ======
PGA      events
======== ======
0.023754 29    
0.025612 25    
======== ======