asset_ref,taxonomy,lon,lat,nonstructural~poe-0.1,structural~poe-0.1
a0,"RM",81.29850,29.10980,3.74195E+02,7.53379E+02
a1,"RC",83.08230,27.90060,6.58656E+01,2.66427E+02
a2,"W",85.74770,27.90150,7.32757E+01,5.77477E+02
a3,"RM",85.74770,27.90150,5.94637E+02,1.19677E+03
